es:
  this:
    exists_in_default_locale:
      and_specifies_a_default_value:
        and_hasnt_changed:
          # and_exist_in_other_locale: 'por_defecto_1 - shouldnt change'
          and_deosnt_exist_in_other_locale: 'default_2'
        and_has_changed:
          and_exist_in_other_locale: 'default_3'
          and_deosnt_exist_in_other_locale: 'default_4'
      and_doesnt_specifies_a_default_value:
        # and_exist_in_other_locale: 'por_defecto_7 - shouldnt change'
        and_deosnt_exist_in_other_locale: 'default_8'

    doesnt_exist_in_default_locale:
      and_specifies_a_default_value:
        and_exist_in_other_locale: 'default_5'
        and_deosnt_exist_in_other_locale: 'default_6'
      and_doesnt_specifies_a_default_value:
        and_exist_in_other_locale: 'I19 TRANSLATION PENDING'
        and_deosnt_exist_in_other_locale: 'I19 TRANSLATION PENDING'
